src/app/admin/products/_components/product-form.tsx(99,5): error TS2322: Type '{ sizes: string; colors: string; media: ProductMedia[]; stock: number; sku: string; id: string; name: string; description: string; price: number; category: string; isNew: boolean; vibe?: "Gen Z" | ... 2 more ... | undefined; createdAt: string; updatedAt: string; } | { ...; }' is not assignable to type 'AsyncDefaultValues<{ media: { url: string; type: "image" | "video"; }[]; colors: string; name: string; description: string; price: number; category: "T-Shirt" | "Hoodie" | "Jacket" | "Cap"; sizes: string; isNew: boolean; stock: number; sku?: string | undefined; vibe?: "Gen Z" | ... 2 more ... | undefined; }> | { ......'.
  Type '{ sizes: string; colors: string; media: ProductMedia[]; stock: number; sku: string; id: string; name: string; description: string; price: number; category: string; isNew: boolean; vibe?: "Gen Z" | "Luxury" | "Professional"; createdAt: string; updatedAt: string; }' is not assignable to type 'AsyncDefaultValues<{ media: { url: string; type: "image" | "video"; }[]; colors: string; name: string; description: string; price: number; category: "T-Shirt" | "Hoodie" | "Jacket" | "Cap"; sizes: string; isNew: boolean; stock: number; sku?: string | undefined; vibe?: "Gen Z" | ... 2 more ... | undefined; }> | { ......'.
    Type '{ sizes: string; colors: string; media: ProductMedia[]; stock: number; sku: string; id: string; name: string; description: string; price: number; category: string; isNew: boolean; vibe?: "Gen Z" | "Luxury" | "Professional"; createdAt: string; updatedAt: string; }' is not assignable to type '{ media?: ({ url?: string | undefined; type?: "image" | "video" | undefined; } | undefined)[] | undefined; colors?: string | undefined; name?: string | undefined; description?: string | undefined; ... 6 more ...; vibe?: "Gen Z" | ... 2 more ... | undefined; }'.
      Types of property 'category' are incompatible.
        Type 'string' is not assignable to type '"T-Shirt" | "Hoodie" | "Jacket" | "Cap" | undefined'.
src/app/admin/products/_components/product-form.tsx(135,34): error TS2339: Property 'message' does not exist on type '{ success: boolean; error: string; } | { success: boolean; error?: undefined; }'.
  Property 'message' does not exist on type '{ success: boolean; error: string; }'.
src/app/admin/products/_components/product-form.tsx(147,34): error TS2339: Property 'message' does not exist on type '{ success: boolean; error: string; id?: undefined; } | { success: boolean; id: string; error?: undefined; }'.
  Property 'message' does not exist on type '{ success: boolean; error: string; id?: undefined; }'.
src/app/admin/products/_components/product-form.tsx(170,41): error TS2345: Argument of type '(data: ProductFormValues) => Promise<void>' is not assignable to parameter of type 'SubmitHandler<TFieldValues>'.
  Types of parameters 'data' and 'data' are incompatible.
    Type 'TFieldValues' is not assignable to type '{ media: { url: string; type: "image" | "video"; }[]; colors: string; name: string; description: string; price: number; category: "T-Shirt" | "Hoodie" | "Jacket" | "Cap"; sizes: string; isNew: boolean; stock: number; sku?: string | undefined; vibe?: "Gen Z" | ... 2 more ... | undefined; }'.
      Type 'FieldValues' is missing the following properties from type '{ media: { url: string; type: "image" | "video"; }[]; colors: string; name: string; description: string; price: number; category: "T-Shirt" | "Hoodie" | "Jacket" | "Cap"; sizes: string; isNew: boolean; stock: number; sku?: string | undefined; vibe?: "Gen Z" | ... 2 more ... | undefined; }': media, colors, name, description, and 5 more.
src/app/admin/products/_components/product-form.tsx(174,15): error TS2322: Type 'Control<{ media: { url: string; type: "image" | "video"; }[]; colors: string; name: string; description: string; price: number; category: "T-Shirt" | "Hoodie" | "Jacket" | "Cap"; sizes: string; isNew: boolean; stock: number; sku?: string | undefined; vibe?: "Gen Z" | ... 2 more ... | undefined; }, any, TFieldValues>' is not assignable to type 'Control<{ media: { url: string; type: "image" | "video"; }[]; colors: string; name: string; description: string; price: number; category: "T-Shirt" | "Hoodie" | "Jacket" | "Cap"; sizes: string; isNew: boolean; stock: number; sku?: string | undefined; vibe?: "Gen Z" | ... 2 more ... | undefined; }, any, { ...; }>'.
  The types of '_options.resolver' are incompatible between these types.
    Type 'Resolver<{ media: { url: string; type: "image" | "video"; }[]; colors: string; name: string; description: string; price: number; category: "T-Shirt" | "Hoodie" | "Jacket" | "Cap"; sizes: string; isNew: boolean; stock: number; sku?: string | undefined; vibe?: "Gen Z" | ... 2 more ... | undefined; }, any, TFieldValues...' is not assignable to type 'Resolver<{ media: { url: string; type: "image" | "video"; }[]; colors: string; name: string; description: string; price: number; category: "T-Shirt" | "Hoodie" | "Jacket" | "Cap"; sizes: string; isNew: boolean; stock: number; sku?: string | undefined; vibe?: "Gen Z" | ... 2 more ... | undefined; }, any, { ...; }> | ...'.
      Type 'Resolver<{ media: { url: string; type: "image" | "video"; }[]; colors: string; name: string; description: string; price: number; category: "T-Shirt" | "Hoodie" | "Jacket" | "Cap"; sizes: string; isNew: boolean; stock: number; sku?: string | undefined; vibe?: "Gen Z" | ... 2 more ... | undefined; }, any, TFieldValues>' is not assignable to type 'Resolver<{ media: { url: string; type: "image" | "video"; }[]; colors: string; name: string; description: string; price: number; category: "T-Shirt" | "Hoodie" | "Jacket" | "Cap"; sizes: string; isNew: boolean; stock: number; sku?: string | undefined; vibe?: "Gen Z" | ... 2 more ... | undefined; }, any, { ...; }>'.
        Type 'ResolverResult<{ media: { url: string; type: "image" | "video"; }[]; colors: string; name: string; description: string; price: number; category: "T-Shirt" | "Hoodie" | "Jacket" | "Cap"; sizes: string; isNew: boolean; stock: number; sku?: string | undefined; vibe?: "Gen Z" | ... 2 more ... | undefined; }, TFieldValue...' is not assignable to type 'ResolverResult<{ media: { url: string; type: "image" | "video"; }[]; colors: string; name: string; description: string; price: number; category: "T-Shirt" | "Hoodie" | "Jacket" | "Cap"; sizes: string; isNew: boolean; stock: number; sku?: string | undefined; vibe?: "Gen Z" | ... 2 more ... | undefined; }, { ...; }> |...'.
          Type 'ResolverSuccess<TFieldValues>' is not assignable to type 'ResolverResult<{ media: { url: string; type: "image" | "video"; }[]; colors: string; name: string; description: string; price: number; category: "T-Shirt" | "Hoodie" | "Jacket" | "Cap"; sizes: string; isNew: boolean; stock: number; sku?: string | undefined; vibe?: "Gen Z" | ... 2 more ... | undefined; }, { ...; }> |...'.
            Type 'ResolverSuccess<TFieldValues>' is not assignable to type 'ResolverSuccess<{ media: { url: string; type: "image" | "video"; }[]; colors: string; name: string; description: string; price: number; category: "T-Shirt" | "Hoodie" | "Jacket" | "Cap"; sizes: string; isNew: boolean; stock: number; sku?: string | undefined; vibe?: "Gen Z" | ... 2 more ... | undefined; }>'.
              Type 'TFieldValues' is not assignable to type '{ media: { url: string; type: "image" | "video"; }[]; colors: string; name: string; description: string; price: number; category: "T-Shirt" | "Hoodie" | "Jacket" | "Cap"; sizes: string; isNew: boolean; stock: number; sku?: string | undefined; vibe?: "Gen Z" | ... 2 more ... | undefined; }'.
                Type 'FieldValues' is missing the following properties from type '{ media: { url: string; type: "image" | "video"; }[]; colors: string; name: string; description: string; price: number; category: "T-Shirt" | "Hoodie" | "Jacket" | "Cap"; sizes: string; isNew: boolean; stock: number; sku?: string | undefined; vibe?: "Gen Z" | ... 2 more ... | undefined; }': media, colors, name, description, and 5 more.
src/app/admin/products/_components/product-form.tsx(190,15): error TS2322: Type 'Control<{ media: { url: string; type: "image" | "video"; }[]; colors: string; name: string; description: string; price: number; category: "T-Shirt" | "Hoodie" | "Jacket" | "Cap"; sizes: string; isNew: boolean; stock: number; sku?: string | undefined; vibe?: "Gen Z" | ... 2 more ... | undefined; }, any, TFieldValues>' is not assignable to type 'Control<{ media: { url: string; type: "image" | "video"; }[]; colors: string; name: string; description: string; price: number; category: "T-Shirt" | "Hoodie" | "Jacket" | "Cap"; sizes: string; isNew: boolean; stock: number; sku?: string | undefined; vibe?: "Gen Z" | ... 2 more ... | undefined; }, any, { ...; }>'.
  The types of '_options.resolver' are incompatible between these types.
    Type 'Resolver<{ media: { url: string; type: "image" | "video"; }[]; colors: string; name: string; description: string; price: number; category: "T-Shirt" | "Hoodie" | "Jacket" | "Cap"; sizes: string; isNew: boolean; stock: number; sku?: string | undefined; vibe?: "Gen Z" | ... 2 more ... | undefined; }, any, TFieldValues...' is not assignable to type 'Resolver<{ media: { url: string; type: "image" | "video"; }[]; colors: string; name: string; description: string; price: number; category: "T-Shirt" | "Hoodie" | "Jacket" | "Cap"; sizes: string; isNew: boolean; stock: number; sku?: string | undefined; vibe?: "Gen Z" | ... 2 more ... | undefined; }, any, { ...; }> | ...'.
      Type 'Resolver<{ media: { url: string; type: "image" | "video"; }[]; colors: string; name: string; description: string; price: number; category: "T-Shirt" | "Hoodie" | "Jacket" | "Cap"; sizes: string; isNew: boolean; stock: number; sku?: string | undefined; vibe?: "Gen Z" | ... 2 more ... | undefined; }, any, TFieldValues>' is not assignable to type 'Resolver<{ media: { url: string; type: "image" | "video"; }[]; colors: string; name: string; description: string; price: number; category: "T-Shirt" | "Hoodie" | "Jacket" | "Cap"; sizes: string; isNew: boolean; stock: number; sku?: string | undefined; vibe?: "Gen Z" | ... 2 more ... | undefined; }, any, { ...; }>'.
        Type 'ResolverResult<{ media: { url: string; type: "image" | "video"; }[]; colors: string; name: string; description: string; price: number; category: "T-Shirt" | "Hoodie" | "Jacket" | "Cap"; sizes: string; isNew: boolean; stock: number; sku?: string | undefined; vibe?: "Gen Z" | ... 2 more ... | undefined; }, TFieldValue...' is not assignable to type 'ResolverResult<{ media: { url: string; type: "image" | "video"; }[]; colors: string; name: string; description: string; price: number; category: "T-Shirt" | "Hoodie" | "Jacket" | "Cap"; sizes: string; isNew: boolean; stock: number; sku?: string | undefined; vibe?: "Gen Z" | ... 2 more ... | undefined; }, { ...; }> |...'.
          Type 'ResolverSuccess<TFieldValues>' is not assignable to type 'ResolverResult<{ media: { url: string; type: "image" | "video"; }[]; colors: string; name: string; description: string; price: number; category: "T-Shirt" | "Hoodie" | "Jacket" | "Cap"; sizes: string; isNew: boolean; stock: number; sku?: string | undefined; vibe?: "Gen Z" | ... 2 more ... | undefined; }, { ...; }> |...'.
            Type 'ResolverSuccess<TFieldValues>' is not assignable to type 'ResolverSuccess<{ media: { url: string; type: "image" | "video"; }[]; colors: string; name: string; description: string; price: number; category: "T-Shirt" | "Hoodie" | "Jacket" | "Cap"; sizes: string; isNew: boolean; stock: number; sku?: string | undefined; vibe?: "Gen Z" | ... 2 more ... | undefined; }>'.
              Type 'TFieldValues' is not assignable to type '{ media: { url: string; type: "image" | "video"; }[]; colors: string; name: string; description: string; price: number; category: "T-Shirt" | "Hoodie" | "Jacket" | "Cap"; sizes: string; isNew: boolean; stock: number; sku?: string | undefined; vibe?: "Gen Z" | ... 2 more ... | undefined; }'.
                Type 'FieldValues' is missing the following properties from type '{ media: { url: string; type: "image" | "video"; }[]; colors: string; name: string; description: string; price: number; category: "T-Shirt" | "Hoodie" | "Jacket" | "Cap"; sizes: string; isNew: boolean; stock: number; sku?: string | undefined; vibe?: "Gen Z" | ... 2 more ... | undefined; }': media, colors, name, description, and 5 more.
src/app/admin/products/_components/product-form.tsx(234,15): error TS2322: Type 'Control<{ media: { url: string; type: "image" | "video"; }[]; colors: string; name: string; description: string; price: number; category: "T-Shirt" | "Hoodie" | "Jacket" | "Cap"; sizes: string; isNew: boolean; stock: number; sku?: string | undefined; vibe?: "Gen Z" | ... 2 more ... | undefined; }, any, TFieldValues>' is not assignable to type 'Control<{ media: { url: string; type: "image" | "video"; }[]; colors: string; name: string; description: string; price: number; category: "T-Shirt" | "Hoodie" | "Jacket" | "Cap"; sizes: string; isNew: boolean; stock: number; sku?: string | undefined; vibe?: "Gen Z" | ... 2 more ... | undefined; }, any, { ...; }>'.
  The types of '_options.resolver' are incompatible between these types.
    Type 'Resolver<{ media: { url: string; type: "image" | "video"; }[]; colors: string; name: string; description: string; price: number; category: "T-Shirt" | "Hoodie" | "Jacket" | "Cap"; sizes: string; isNew: boolean; stock: number; sku?: string | undefined; vibe?: "Gen Z" | ... 2 more ... | undefined; }, any, TFieldValues...' is not assignable to type 'Resolver<{ media: { url: string; type: "image" | "video"; }[]; colors: string; name: string; description: string; price: number; category: "T-Shirt" | "Hoodie" | "Jacket" | "Cap"; sizes: string; isNew: boolean; stock: number; sku?: string | undefined; vibe?: "Gen Z" | ... 2 more ... | undefined; }, any, { ...; }> | ...'.
      Type 'Resolver<{ media: { url: string; type: "image" | "video"; }[]; colors: string; name: string; description: string; price: number; category: "T-Shirt" | "Hoodie" | "Jacket" | "Cap"; sizes: string; isNew: boolean; stock: number; sku?: string | undefined; vibe?: "Gen Z" | ... 2 more ... | undefined; }, any, TFieldValues>' is not assignable to type 'Resolver<{ media: { url: string; type: "image" | "video"; }[]; colors: string; name: string; description: string; price: number; category: "T-Shirt" | "Hoodie" | "Jacket" | "Cap"; sizes: string; isNew: boolean; stock: number; sku?: string | undefined; vibe?: "Gen Z" | ... 2 more ... | undefined; }, any, { ...; }>'.
        Type 'ResolverResult<{ media: { url: string; type: "image" | "video"; }[]; colors: string; name: string; description: string; price: number; category: "T-Shirt" | "Hoodie" | "Jacket" | "Cap"; sizes: string; isNew: boolean; stock: number; sku?: string | undefined; vibe?: "Gen Z" | ... 2 more ... | undefined; }, TFieldValue...' is not assignable to type 'ResolverResult<{ media: { url: string; type: "image" | "video"; }[]; colors: string; name: string; description: string; price: number; category: "T-Shirt" | "Hoodie" | "Jacket" | "Cap"; sizes: string; isNew: boolean; stock: number; sku?: string | undefined; vibe?: "Gen Z" | ... 2 more ... | undefined; }, { ...; }> |...'.
          Type 'ResolverSuccess<TFieldValues>' is not assignable to type 'ResolverResult<{ media: { url: string; type: "image" | "video"; }[]; colors: string; name: string; description: string; price: number; category: "T-Shirt" | "Hoodie" | "Jacket" | "Cap"; sizes: string; isNew: boolean; stock: number; sku?: string | undefined; vibe?: "Gen Z" | ... 2 more ... | undefined; }, { ...; }> |...'.
            Type 'ResolverSuccess<TFieldValues>' is not assignable to type 'ResolverSuccess<{ media: { url: string; type: "image" | "video"; }[]; colors: string; name: string; description: string; price: number; category: "T-Shirt" | "Hoodie" | "Jacket" | "Cap"; sizes: string; isNew: boolean; stock: number; sku?: string | undefined; vibe?: "Gen Z" | ... 2 more ... | undefined; }>'.
              Type 'TFieldValues' is not assignable to type '{ media: { url: string; type: "image" | "video"; }[]; colors: string; name: string; description: string; price: number; category: "T-Shirt" | "Hoodie" | "Jacket" | "Cap"; sizes: string; isNew: boolean; stock: number; sku?: string | undefined; vibe?: "Gen Z" | ... 2 more ... | undefined; }'.
                Type 'FieldValues' is missing the following properties from type '{ media: { url: string; type: "image" | "video"; }[]; colors: string; name: string; description: string; price: number; category: "T-Shirt" | "Hoodie" | "Jacket" | "Cap"; sizes: string; isNew: boolean; stock: number; sku?: string | undefined; vibe?: "Gen Z" | ... 2 more ... | undefined; }': media, colors, name, description, and 5 more.
src/app/admin/products/_components/product-form.tsx(247,15): error TS2322: Type 'Control<{ media: { url: string; type: "image" | "video"; }[]; colors: string; name: string; description: string; price: number; category: "T-Shirt" | "Hoodie" | "Jacket" | "Cap"; sizes: string; isNew: boolean; stock: number; sku?: string | undefined; vibe?: "Gen Z" | ... 2 more ... | undefined; }, any, TFieldValues>' is not assignable to type 'Control<{ media: { url: string; type: "image" | "video"; }[]; colors: string; name: string; description: string; price: number; category: "T-Shirt" | "Hoodie" | "Jacket" | "Cap"; sizes: string; isNew: boolean; stock: number; sku?: string | undefined; vibe?: "Gen Z" | ... 2 more ... | undefined; }, any, { ...; }>'.
  The types of '_options.resolver' are incompatible between these types.
    Type 'Resolver<{ media: { url: string; type: "image" | "video"; }[]; colors: string; name: string; description: string; price: number; category: "T-Shirt" | "Hoodie" | "Jacket" | "Cap"; sizes: string; isNew: boolean; stock: number; sku?: string | undefined; vibe?: "Gen Z" | ... 2 more ... | undefined; }, any, TFieldValues...' is not assignable to type 'Resolver<{ media: { url: string; type: "image" | "video"; }[]; colors: string; name: string; description: string; price: number; category: "T-Shirt" | "Hoodie" | "Jacket" | "Cap"; sizes: string; isNew: boolean; stock: number; sku?: string | undefined; vibe?: "Gen Z" | ... 2 more ... | undefined; }, any, { ...; }> | ...'.
      Type 'Resolver<{ media: { url: string; type: "image" | "video"; }[]; colors: string; name: string; description: string; price: number; category: "T-Shirt" | "Hoodie" | "Jacket" | "Cap"; sizes: string; isNew: boolean; stock: number; sku?: string | undefined; vibe?: "Gen Z" | ... 2 more ... | undefined; }, any, TFieldValues>' is not assignable to type 'Resolver<{ media: { url: string; type: "image" | "video"; }[]; colors: string; name: string; description: string; price: number; category: "T-Shirt" | "Hoodie" | "Jacket" | "Cap"; sizes: string; isNew: boolean; stock: number; sku?: string | undefined; vibe?: "Gen Z" | ... 2 more ... | undefined; }, any, { ...; }>'.
        Type 'ResolverResult<{ media: { url: string; type: "image" | "video"; }[]; colors: string; name: string; description: string; price: number; category: "T-Shirt" | "Hoodie" | "Jacket" | "Cap"; sizes: string; isNew: boolean; stock: number; sku?: string | undefined; vibe?: "Gen Z" | ... 2 more ... | undefined; }, TFieldValue...' is not assignable to type 'ResolverResult<{ media: { url: string; type: "image" | "video"; }[]; colors: string; name: string; description: string; price: number; category: "T-Shirt" | "Hoodie" | "Jacket" | "Cap"; sizes: string; isNew: boolean; stock: number; sku?: string | undefined; vibe?: "Gen Z" | ... 2 more ... | undefined; }, { ...; }> |...'.
          Type 'ResolverSuccess<TFieldValues>' is not assignable to type 'ResolverResult<{ media: { url: string; type: "image" | "video"; }[]; colors: string; name: string; description: string; price: number; category: "T-Shirt" | "Hoodie" | "Jacket" | "Cap"; sizes: string; isNew: boolean; stock: number; sku?: string | undefined; vibe?: "Gen Z" | ... 2 more ... | undefined; }, { ...; }> |...'.
            Type 'ResolverSuccess<TFieldValues>' is not assignable to type 'ResolverSuccess<{ media: { url: string; type: "image" | "video"; }[]; colors: string; name: string; description: string; price: number; category: "T-Shirt" | "Hoodie" | "Jacket" | "Cap"; sizes: string; isNew: boolean; stock: number; sku?: string | undefined; vibe?: "Gen Z" | ... 2 more ... | undefined; }>'.
              Type 'TFieldValues' is not assignable to type '{ media: { url: string; type: "image" | "video"; }[]; colors: string; name: string; description: string; price: number; category: "T-Shirt" | "Hoodie" | "Jacket" | "Cap"; sizes: string; isNew: boolean; stock: number; sku?: string | undefined; vibe?: "Gen Z" | ... 2 more ... | undefined; }'.
                Type 'FieldValues' is missing the following properties from type '{ media: { url: string; type: "image" | "video"; }[]; colors: string; name: string; description: string; price: number; category: "T-Shirt" | "Hoodie" | "Jacket" | "Cap"; sizes: string; isNew: boolean; stock: number; sku?: string | undefined; vibe?: "Gen Z" | ... 2 more ... | undefined; }': media, colors, name, description, and 5 more.
src/app/admin/products/_components/product-form.tsx(261,15): error TS2322: Type 'Control<{ media: { url: string; type: "image" | "video"; }[]; colors: string; name: string; description: string; price: number; category: "T-Shirt" | "Hoodie" | "Jacket" | "Cap"; sizes: string; isNew: boolean; stock: number; sku?: string | undefined; vibe?: "Gen Z" | ... 2 more ... | undefined; }, any, TFieldValues>' is not assignable to type 'Control<{ media: { url: string; type: "image" | "video"; }[]; colors: string; name: string; description: string; price: number; category: "T-Shirt" | "Hoodie" | "Jacket" | "Cap"; sizes: string; isNew: boolean; stock: number; sku?: string | undefined; vibe?: "Gen Z" | ... 2 more ... | undefined; }, any, { ...; }>'.
  The types of '_options.resolver' are incompatible between these types.
    Type 'Resolver<{ media: { url: string; type: "image" | "video"; }[]; colors: string; name: string; description: string; price: number; category: "T-Shirt" | "Hoodie" | "Jacket" | "Cap"; sizes: string; isNew: boolean; stock: number; sku?: string | undefined; vibe?: "Gen Z" | ... 2 more ... | undefined; }, any, TFieldValues...' is not assignable to type 'Resolver<{ media: { url: string; type: "image" | "video"; }[]; colors: string; name: string; description: string; price: number; category: "T-Shirt" | "Hoodie" | "Jacket" | "Cap"; sizes: string; isNew: boolean; stock: number; sku?: string | undefined; vibe?: "Gen Z" | ... 2 more ... | undefined; }, any, { ...; }> | ...'.
      Type 'Resolver<{ media: { url: string; type: "image" | "video"; }[]; colors: string; name: string; description: string; price: number; category: "T-Shirt" | "Hoodie" | "Jacket" | "Cap"; sizes: string; isNew: boolean; stock: number; sku?: string | undefined; vibe?: "Gen Z" | ... 2 more ... | undefined; }, any, TFieldValues>' is not assignable to type 'Resolver<{ media: { url: string; type: "image" | "video"; }[]; colors: string; name: string; description: string; price: number; category: "T-Shirt" | "Hoodie" | "Jacket" | "Cap"; sizes: string; isNew: boolean; stock: number; sku?: string | undefined; vibe?: "Gen Z" | ... 2 more ... | undefined; }, any, { ...; }>'.
        Type 'ResolverResult<{ media: { url: string; type: "image" | "video"; }[]; colors: string; name: string; description: string; price: number; category: "T-Shirt" | "Hoodie" | "Jacket" | "Cap"; sizes: string; isNew: boolean; stock: number; sku?: string | undefined; vibe?: "Gen Z" | ... 2 more ... | undefined; }, TFieldValue...' is not assignable to type 'ResolverResult<{ media: { url: string; type: "image" | "video"; }[]; colors: string; name: string; description: string; price: number; category: "T-Shirt" | "Hoodie" | "Jacket" | "Cap"; sizes: string; isNew: boolean; stock: number; sku?: string | undefined; vibe?: "Gen Z" | ... 2 more ... | undefined; }, { ...; }> |...'.
          Type 'ResolverSuccess<TFieldValues>' is not assignable to type 'ResolverResult<{ media: { url: string; type: "image" | "video"; }[]; colors: string; name: string; description: string; price: number; category: "T-Shirt" | "Hoodie" | "Jacket" | "Cap"; sizes: string; isNew: boolean; stock: number; sku?: string | undefined; vibe?: "Gen Z" | ... 2 more ... | undefined; }, { ...; }> |...'.
            Type 'ResolverSuccess<TFieldValues>' is not assignable to type 'ResolverSuccess<{ media: { url: string; type: "image" | "video"; }[]; colors: string; name: string; description: string; price: number; category: "T-Shirt" | "Hoodie" | "Jacket" | "Cap"; sizes: string; isNew: boolean; stock: number; sku?: string | undefined; vibe?: "Gen Z" | ... 2 more ... | undefined; }>'.
              Type 'TFieldValues' is not assignable to type '{ media: { url: string; type: "image" | "video"; }[]; colors: string; name: string; description: string; price: number; category: "T-Shirt" | "Hoodie" | "Jacket" | "Cap"; sizes: string; isNew: boolean; stock: number; sku?: string | undefined; vibe?: "Gen Z" | ... 2 more ... | undefined; }'.
                Type 'FieldValues' is missing the following properties from type '{ media: { url: string; type: "image" | "video"; }[]; colors: string; name: string; description: string; price: number; category: "T-Shirt" | "Hoodie" | "Jacket" | "Cap"; sizes: string; isNew: boolean; stock: number; sku?: string | undefined; vibe?: "Gen Z" | ... 2 more ... | undefined; }': media, colors, name, description, and 5 more.
src/app/admin/products/_components/product-form.tsx(275,15): error TS2322: Type 'Control<{ media: { url: string; type: "image" | "video"; }[]; colors: string; name: string; description: string; price: number; category: "T-Shirt" | "Hoodie" | "Jacket" | "Cap"; sizes: string; isNew: boolean; stock: number; sku?: string | undefined; vibe?: "Gen Z" | ... 2 more ... | undefined; }, any, TFieldValues>' is not assignable to type 'Control<{ media: { url: string; type: "image" | "video"; }[]; colors: string; name: string; description: string; price: number; category: "T-Shirt" | "Hoodie" | "Jacket" | "Cap"; sizes: string; isNew: boolean; stock: number; sku?: string | undefined; vibe?: "Gen Z" | ... 2 more ... | undefined; }, any, { ...; }>'.
  The types of '_options.resolver' are incompatible between these types.
    Type 'Resolver<{ media: { url: string; type: "image" | "video"; }[]; colors: string; name: string; description: string; price: number; category: "T-Shirt" | "Hoodie" | "Jacket" | "Cap"; sizes: string; isNew: boolean; stock: number; sku?: string | undefined; vibe?: "Gen Z" | ... 2 more ... | undefined; }, any, TFieldValues...' is not assignable to type 'Resolver<{ media: { url: string; type: "image" | "video"; }[]; colors: string; name: string; description: string; price: number; category: "T-Shirt" | "Hoodie" | "Jacket" | "Cap"; sizes: string; isNew: boolean; stock: number; sku?: string | undefined; vibe?: "Gen Z" | ... 2 more ... | undefined; }, any, { ...; }> | ...'.
      Type 'Resolver<{ media: { url: string; type: "image" | "video"; }[]; colors: string; name: string; description: string; price: number; category: "T-Shirt" | "Hoodie" | "Jacket" | "Cap"; sizes: string; isNew: boolean; stock: number; sku?: string | undefined; vibe?: "Gen Z" | ... 2 more ... | undefined; }, any, TFieldValues>' is not assignable to type 'Resolver<{ media: { url: string; type: "image" | "video"; }[]; colors: string; name: string; description: string; price: number; category: "T-Shirt" | "Hoodie" | "Jacket" | "Cap"; sizes: string; isNew: boolean; stock: number; sku?: string | undefined; vibe?: "Gen Z" | ... 2 more ... | undefined; }, any, { ...; }>'.
        Type 'ResolverResult<{ media: { url: string; type: "image" | "video"; }[]; colors: string; name: string; description: string; price: number; category: "T-Shirt" | "Hoodie" | "Jacket" | "Cap"; sizes: string; isNew: boolean; stock: number; sku?: string | undefined; vibe?: "Gen Z" | ... 2 more ... | undefined; }, TFieldValue...' is not assignable to type 'ResolverResult<{ media: { url: string; type: "image" | "video"; }[]; colors: string; name: string; description: string; price: number; category: "T-Shirt" | "Hoodie" | "Jacket" | "Cap"; sizes: string; isNew: boolean; stock: number; sku?: string | undefined; vibe?: "Gen Z" | ... 2 more ... | undefined; }, { ...; }> |...'.
          Type 'ResolverSuccess<TFieldValues>' is not assignable to type 'ResolverResult<{ media: { url: string; type: "image" | "video"; }[]; colors: string; name: string; description: string; price: number; category: "T-Shirt" | "Hoodie" | "Jacket" | "Cap"; sizes: string; isNew: boolean; stock: number; sku?: string | undefined; vibe?: "Gen Z" | ... 2 more ... | undefined; }, { ...; }> |...'.
            Type 'ResolverSuccess<TFieldValues>' is not assignable to type 'ResolverSuccess<{ media: { url: string; type: "image" | "video"; }[]; colors: string; name: string; description: string; price: number; category: "T-Shirt" | "Hoodie" | "Jacket" | "Cap"; sizes: string; isNew: boolean; stock: number; sku?: string | undefined; vibe?: "Gen Z" | ... 2 more ... | undefined; }>'.
              Type 'TFieldValues' is not assignable to type '{ media: { url: string; type: "image" | "video"; }[]; colors: string; name: string; description: string; price: number; category: "T-Shirt" | "Hoodie" | "Jacket" | "Cap"; sizes: string; isNew: boolean; stock: number; sku?: string | undefined; vibe?: "Gen Z" | ... 2 more ... | undefined; }'.
                Type 'FieldValues' is missing the following properties from type '{ media: { url: string; type: "image" | "video"; }[]; colors: string; name: string; description: string; price: number; category: "T-Shirt" | "Hoodie" | "Jacket" | "Cap"; sizes: string; isNew: boolean; stock: number; sku?: string | undefined; vibe?: "Gen Z" | ... 2 more ... | undefined; }': media, colors, name, description, and 5 more.
src/app/admin/products/_components/product-form.tsx(301,15): error TS2322: Type 'Control<{ media: { url: string; type: "image" | "video"; }[]; colors: string; name: string; description: string; price: number; category: "T-Shirt" | "Hoodie" | "Jacket" | "Cap"; sizes: string; isNew: boolean; stock: number; sku?: string | undefined; vibe?: "Gen Z" | ... 2 more ... | undefined; }, any, TFieldValues>' is not assignable to type 'Control<{ media: { url: string; type: "image" | "video"; }[]; colors: string; name: string; description: string; price: number; category: "T-Shirt" | "Hoodie" | "Jacket" | "Cap"; sizes: string; isNew: boolean; stock: number; sku?: string | undefined; vibe?: "Gen Z" | ... 2 more ... | undefined; }, any, { ...; }>'.
  The types of '_options.resolver' are incompatible between these types.
    Type 'Resolver<{ media: { url: string; type: "image" | "video"; }[]; colors: string; name: string; description: string; price: number; category: "T-Shirt" | "Hoodie" | "Jacket" | "Cap"; sizes: string; isNew: boolean; stock: number; sku?: string | undefined; vibe?: "Gen Z" | ... 2 more ... | undefined; }, any, TFieldValues...' is not assignable to type 'Resolver<{ media: { url: string; type: "image" | "video"; }[]; colors: string; name: string; description: string; price: number; category: "T-Shirt" | "Hoodie" | "Jacket" | "Cap"; sizes: string; isNew: boolean; stock: number; sku?: string | undefined; vibe?: "Gen Z" | ... 2 more ... | undefined; }, any, { ...; }> | ...'.
      Type 'Resolver<{ media: { url: string; type: "image" | "video"; }[]; colors: string; name: string; description: string; price: number; category: "T-Shirt" | "Hoodie" | "Jacket" | "Cap"; sizes: string; isNew: boolean; stock: number; sku?: string | undefined; vibe?: "Gen Z" | ... 2 more ... | undefined; }, any, TFieldValues>' is not assignable to type 'Resolver<{ media: { url: string; type: "image" | "video"; }[]; colors: string; name: string; description: string; price: number; category: "T-Shirt" | "Hoodie" | "Jacket" | "Cap"; sizes: string; isNew: boolean; stock: number; sku?: string | undefined; vibe?: "Gen Z" | ... 2 more ... | undefined; }, any, { ...; }>'.
        Type 'ResolverResult<{ media: { url: string; type: "image" | "video"; }[]; colors: string; name: string; description: string; price: number; category: "T-Shirt" | "Hoodie" | "Jacket" | "Cap"; sizes: string; isNew: boolean; stock: number; sku?: string | undefined; vibe?: "Gen Z" | ... 2 more ... | undefined; }, TFieldValue...' is not assignable to type 'ResolverResult<{ media: { url: string; type: "image" | "video"; }[]; colors: string; name: string; description: string; price: number; category: "T-Shirt" | "Hoodie" | "Jacket" | "Cap"; sizes: string; isNew: boolean; stock: number; sku?: string | undefined; vibe?: "Gen Z" | ... 2 more ... | undefined; }, { ...; }> |...'.
          Type 'ResolverSuccess<TFieldValues>' is not assignable to type 'ResolverResult<{ media: { url: string; type: "image" | "video"; }[]; colors: string; name: string; description: string; price: number; category: "T-Shirt" | "Hoodie" | "Jacket" | "Cap"; sizes: string; isNew: boolean; stock: number; sku?: string | undefined; vibe?: "Gen Z" | ... 2 more ... | undefined; }, { ...; }> |...'.
            Type 'ResolverSuccess<TFieldValues>' is not assignable to type 'ResolverSuccess<{ media: { url: string; type: "image" | "video"; }[]; colors: string; name: string; description: string; price: number; category: "T-Shirt" | "Hoodie" | "Jacket" | "Cap"; sizes: string; isNew: boolean; stock: number; sku?: string | undefined; vibe?: "Gen Z" | ... 2 more ... | undefined; }>'.
              Type 'TFieldValues' is not assignable to type '{ media: { url: string; type: "image" | "video"; }[]; colors: string; name: string; description: string; price: number; category: "T-Shirt" | "Hoodie" | "Jacket" | "Cap"; sizes: string; isNew: boolean; stock: number; sku?: string | undefined; vibe?: "Gen Z" | ... 2 more ... | undefined; }'.
                Type 'FieldValues' is missing the following properties from type '{ media: { url: string; type: "image" | "video"; }[]; colors: string; name: string; description: string; price: number; category: "T-Shirt" | "Hoodie" | "Jacket" | "Cap"; sizes: string; isNew: boolean; stock: number; sku?: string | undefined; vibe?: "Gen Z" | ... 2 more ... | undefined; }': media, colors, name, description, and 5 more.
src/app/admin/products/_components/product-form.tsx(315,15): error TS2322: Type 'Control<{ media: { url: string; type: "image" | "video"; }[]; colors: string; name: string; description: string; price: number; category: "T-Shirt" | "Hoodie" | "Jacket" | "Cap"; sizes: string; isNew: boolean; stock: number; sku?: string | undefined; vibe?: "Gen Z" | ... 2 more ... | undefined; }, any, TFieldValues>' is not assignable to type 'Control<{ media: { url: string; type: "image" | "video"; }[]; colors: string; name: string; description: string; price: number; category: "T-Shirt" | "Hoodie" | "Jacket" | "Cap"; sizes: string; isNew: boolean; stock: number; sku?: string | undefined; vibe?: "Gen Z" | ... 2 more ... | undefined; }, any, { ...; }>'.
  The types of '_options.resolver' are incompatible between these types.
    Type 'Resolver<{ media: { url: string; type: "image" | "video"; }[]; colors: string; name: string; description: string; price: number; category: "T-Shirt" | "Hoodie" | "Jacket" | "Cap"; sizes: string; isNew: boolean; stock: number; sku?: string | undefined; vibe?: "Gen Z" | ... 2 more ... | undefined; }, any, TFieldValues...' is not assignable to type 'Resolver<{ media: { url: string; type: "image" | "video"; }[]; colors: string; name: string; description: string; price: number; category: "T-Shirt" | "Hoodie" | "Jacket" | "Cap"; sizes: string; isNew: boolean; stock: number; sku?: string | undefined; vibe?: "Gen Z" | ... 2 more ... | undefined; }, any, { ...; }> | ...'.
      Type 'Resolver<{ media: { url: string; type: "image" | "video"; }[]; colors: string; name: string; description: string; price: number; category: "T-Shirt" | "Hoodie" | "Jacket" | "Cap"; sizes: string; isNew: boolean; stock: number; sku?: string | undefined; vibe?: "Gen Z" | ... 2 more ... | undefined; }, any, TFieldValues>' is not assignable to type 'Resolver<{ media: { url: string; type: "image" | "video"; }[]; colors: string; name: string; description: string; price: number; category: "T-Shirt" | "Hoodie" | "Jacket" | "Cap"; sizes: string; isNew: boolean; stock: number; sku?: string | undefined; vibe?: "Gen Z" | ... 2 more ... | undefined; }, any, { ...; }>'.
        Type 'ResolverResult<{ media: { url: string; type: "image" | "video"; }[]; colors: string; name: string; description: string; price: number; category: "T-Shirt" | "Hoodie" | "Jacket" | "Cap"; sizes: string; isNew: boolean; stock: number; sku?: string | undefined; vibe?: "Gen Z" | ... 2 more ... | undefined; }, TFieldValue...' is not assignable to type 'ResolverResult<{ media: { url: string; type: "image" | "video"; }[]; colors: string; name: string; description: string; price: number; category: "T-Shirt" | "Hoodie" | "Jacket" | "Cap"; sizes: string; isNew: boolean; stock: number; sku?: string | undefined; vibe?: "Gen Z" | ... 2 more ... | undefined; }, { ...; }> |...'.
          Type 'ResolverSuccess<TFieldValues>' is not assignable to type 'ResolverResult<{ media: { url: string; type: "image" | "video"; }[]; colors: string; name: string; description: string; price: number; category: "T-Shirt" | "Hoodie" | "Jacket" | "Cap"; sizes: string; isNew: boolean; stock: number; sku?: string | undefined; vibe?: "Gen Z" | ... 2 more ... | undefined; }, { ...; }> |...'.
            Type 'ResolverSuccess<TFieldValues>' is not assignable to type 'ResolverSuccess<{ media: { url: string; type: "image" | "video"; }[]; colors: string; name: string; description: string; price: number; category: "T-Shirt" | "Hoodie" | "Jacket" | "Cap"; sizes: string; isNew: boolean; stock: number; sku?: string | undefined; vibe?: "Gen Z" | ... 2 more ... | undefined; }>'.
              Type 'TFieldValues' is not assignable to type '{ media: { url: string; type: "image" | "video"; }[]; colors: string; name: string; description: string; price: number; category: "T-Shirt" | "Hoodie" | "Jacket" | "Cap"; sizes: string; isNew: boolean; stock: number; sku?: string | undefined; vibe?: "Gen Z" | ... 2 more ... | undefined; }'.
                Type 'FieldValues' is missing the following properties from type '{ media: { url: string; type: "image" | "video"; }[]; colors: string; name: string; description: string; price: number; category: "T-Shirt" | "Hoodie" | "Jacket" | "Cap"; sizes: string; isNew: boolean; stock: number; sku?: string | undefined; vibe?: "Gen Z" | ... 2 more ... | undefined; }': media, colors, name, description, and 5 more.
src/app/admin/products/_components/product-form.tsx(329,15): error TS2322: Type 'Control<{ media: { url: string; type: "image" | "video"; }[]; colors: string; name: string; description: string; price: number; category: "T-Shirt" | "Hoodie" | "Jacket" | "Cap"; sizes: string; isNew: boolean; stock: number; sku?: string | undefined; vibe?: "Gen Z" | ... 2 more ... | undefined; }, any, TFieldValues>' is not assignable to type 'Control<{ media: { url: string; type: "image" | "video"; }[]; colors: string; name: string; description: string; price: number; category: "T-Shirt" | "Hoodie" | "Jacket" | "Cap"; sizes: string; isNew: boolean; stock: number; sku?: string | undefined; vibe?: "Gen Z" | ... 2 more ... | undefined; }, any, { ...; }>'.
  The types of '_options.resolver' are incompatible between these types.
    Type 'Resolver<{ media: { url: string; type: "image" | "video"; }[]; colors: string; name: string; description: string; price: number; category: "T-Shirt" | "Hoodie" | "Jacket" | "Cap"; sizes: string; isNew: boolean; stock: number; sku?: string | undefined; vibe?: "Gen Z" | ... 2 more ... | undefined; }, any, TFieldValues...' is not assignable to type 'Resolver<{ media: { url: string; type: "image" | "video"; }[]; colors: string; name: string; description: string; price: number; category: "T-Shirt" | "Hoodie" | "Jacket" | "Cap"; sizes: string; isNew: boolean; stock: number; sku?: string | undefined; vibe?: "Gen Z" | ... 2 more ... | undefined; }, any, { ...; }> | ...'.
      Type 'Resolver<{ media: { url: string; type: "image" | "video"; }[]; colors: string; name: string; description: string; price: number; category: "T-Shirt" | "Hoodie" | "Jacket" | "Cap"; sizes: string; isNew: boolean; stock: number; sku?: string | undefined; vibe?: "Gen Z" | ... 2 more ... | undefined; }, any, TFieldValues>' is not assignable to type 'Resolver<{ media: { url: string; type: "image" | "video"; }[]; colors: string; name: string; description: string; price: number; category: "T-Shirt" | "Hoodie" | "Jacket" | "Cap"; sizes: string; isNew: boolean; stock: number; sku?: string | undefined; vibe?: "Gen Z" | ... 2 more ... | undefined; }, any, { ...; }>'.
        Type 'ResolverResult<{ media: { url: string; type: "image" | "video"; }[]; colors: string; name: string; description: string; price: number; category: "T-Shirt" | "Hoodie" | "Jacket" | "Cap"; sizes: string; isNew: boolean; stock: number; sku?: string | undefined; vibe?: "Gen Z" | ... 2 more ... | undefined; }, TFieldValue...' is not assignable to type 'ResolverResult<{ media: { url: string; type: "image" | "video"; }[]; colors: string; name: string; description: string; price: number; category: "T-Shirt" | "Hoodie" | "Jacket" | "Cap"; sizes: string; isNew: boolean; stock: number; sku?: string | undefined; vibe?: "Gen Z" | ... 2 more ... | undefined; }, { ...; }> |...'.
          Type 'ResolverSuccess<TFieldValues>' is not assignable to type 'ResolverResult<{ media: { url: string; type: "image" | "video"; }[]; colors: string; name: string; description: string; price: number; category: "T-Shirt" | "Hoodie" | "Jacket" | "Cap"; sizes: string; isNew: boolean; stock: number; sku?: string | undefined; vibe?: "Gen Z" | ... 2 more ... | undefined; }, { ...; }> |...'.
            Type 'ResolverSuccess<TFieldValues>' is not assignable to type 'ResolverSuccess<{ media: { url: string; type: "image" | "video"; }[]; colors: string; name: string; description: string; price: number; category: "T-Shirt" | "Hoodie" | "Jacket" | "Cap"; sizes: string; isNew: boolean; stock: number; sku?: string | undefined; vibe?: "Gen Z" | ... 2 more ... | undefined; }>'.
              Type 'TFieldValues' is not assignable to type '{ media: { url: string; type: "image" | "video"; }[]; colors: string; name: string; description: string; price: number; category: "T-Shirt" | "Hoodie" | "Jacket" | "Cap"; sizes: string; isNew: boolean; stock: number; sku?: string | undefined; vibe?: "Gen Z" | ... 2 more ... | undefined; }'.
                Type 'FieldValues' is missing the following properties from type '{ media: { url: string; type: "image" | "video"; }[]; colors: string; name: string; description: string; price: number; category: "T-Shirt" | "Hoodie" | "Jacket" | "Cap"; sizes: string; isNew: boolean; stock: number; sku?: string | undefined; vibe?: "Gen Z" | ... 2 more ... | undefined; }': media, colors, name, description, and 5 more.
src/app/admin/products/_components/product-form.tsx(357,15): error TS2322: Type 'Control<{ media: { url: string; type: "image" | "video"; }[]; colors: string; name: string; description: string; price: number; category: "T-Shirt" | "Hoodie" | "Jacket" | "Cap"; sizes: string; isNew: boolean; stock: number; sku?: string | undefined; vibe?: "Gen Z" | ... 2 more ... | undefined; }, any, TFieldValues>' is not assignable to type 'Control<{ media: { url: string; type: "image" | "video"; }[]; colors: string; name: string; description: string; price: number; category: "T-Shirt" | "Hoodie" | "Jacket" | "Cap"; sizes: string; isNew: boolean; stock: number; sku?: string | undefined; vibe?: "Gen Z" | ... 2 more ... | undefined; }, any, { ...; }>'.
  The types of '_options.resolver' are incompatible between these types.
    Type 'Resolver<{ media: { url: string; type: "image" | "video"; }[]; colors: string; name: string; description: string; price: number; category: "T-Shirt" | "Hoodie" | "Jacket" | "Cap"; sizes: string; isNew: boolean; stock: number; sku?: string | undefined; vibe?: "Gen Z" | ... 2 more ... | undefined; }, any, TFieldValues...' is not assignable to type 'Resolver<{ media: { url: string; type: "image" | "video"; }[]; colors: string; name: string; description: string; price: number; category: "T-Shirt" | "Hoodie" | "Jacket" | "Cap"; sizes: string; isNew: boolean; stock: number; sku?: string | undefined; vibe?: "Gen Z" | ... 2 more ... | undefined; }, any, { ...; }> | ...'.
      Type 'Resolver<{ media: { url: string; type: "image" | "video"; }[]; colors: string; name: string; description: string; price: number; category: "T-Shirt" | "Hoodie" | "Jacket" | "Cap"; sizes: string; isNew: boolean; stock: number; sku?: string | undefined; vibe?: "Gen Z" | ... 2 more ... | undefined; }, any, TFieldValues>' is not assignable to type 'Resolver<{ media: { url: string; type: "image" | "video"; }[]; colors: string; name: string; description: string; price: number; category: "T-Shirt" | "Hoodie" | "Jacket" | "Cap"; sizes: string; isNew: boolean; stock: number; sku?: string | undefined; vibe?: "Gen Z" | ... 2 more ... | undefined; }, any, { ...; }>'.
        Type 'ResolverResult<{ media: { url: string; type: "image" | "video"; }[]; colors: string; name: string; description: string; price: number; category: "T-Shirt" | "Hoodie" | "Jacket" | "Cap"; sizes: string; isNew: boolean; stock: number; sku?: string | undefined; vibe?: "Gen Z" | ... 2 more ... | undefined; }, TFieldValue...' is not assignable to type 'ResolverResult<{ media: { url: string; type: "image" | "video"; }[]; colors: string; name: string; description: string; price: number; category: "T-Shirt" | "Hoodie" | "Jacket" | "Cap"; sizes: string; isNew: boolean; stock: number; sku?: string | undefined; vibe?: "Gen Z" | ... 2 more ... | undefined; }, { ...; }> |...'.
          Type 'ResolverSuccess<TFieldValues>' is not assignable to type 'ResolverResult<{ media: { url: string; type: "image" | "video"; }[]; colors: string; name: string; description: string; price: number; category: "T-Shirt" | "Hoodie" | "Jacket" | "Cap"; sizes: string; isNew: boolean; stock: number; sku?: string | undefined; vibe?: "Gen Z" | ... 2 more ... | undefined; }, { ...; }> |...'.
            Type 'ResolverSuccess<TFieldValues>' is not assignable to type 'ResolverSuccess<{ media: { url: string; type: "image" | "video"; }[]; colors: string; name: string; description: string; price: number; category: "T-Shirt" | "Hoodie" | "Jacket" | "Cap"; sizes: string; isNew: boolean; stock: number; sku?: string | undefined; vibe?: "Gen Z" | ... 2 more ... | undefined; }>'.
              Type 'TFieldValues' is not assignable to type '{ media: { url: string; type: "image" | "video"; }[]; colors: string; name: string; description: string; price: number; category: "T-Shirt" | "Hoodie" | "Jacket" | "Cap"; sizes: string; isNew: boolean; stock: number; sku?: string | undefined; vibe?: "Gen Z" | ... 2 more ... | undefined; }'.
                Type 'FieldValues' is missing the following properties from type '{ media: { url: string; type: "image" | "video"; }[]; colors: string; name: string; description: string; price: number; category: "T-Shirt" | "Hoodie" | "Jacket" | "Cap"; sizes: string; isNew: boolean; stock: number; sku?: string | undefined; vibe?: "Gen Z" | ... 2 more ... | undefined; }': media, colors, name, description, and 5 more.
src/app/admin/reviews/_components/design-review-card.tsx(39,31): error TS2339: Property 'message' does not exist on type '{ success: boolean; }'.
src/app/cart/page.tsx(11,18): error TS2339: Property 'removeItem' does not exist on type 'CartContextType'.
src/app/cart/page.tsx(11,46): error TS2339: Property 'subtotal' does not exist on type 'CartContextType'.
src/app/catalog/page.tsx(269,47): error TS2739: Type 'Product' is missing the following properties from type 'Product': createdAt, updatedAt
src/app/dashboard/orders/[id]/page.tsx(119,16): error TS18048: 'order.items' is possibly 'undefined'.
src/app/dashboard/orders/[id]/page.tsx(142,33): error TS2339: Property 'subtotal' does not exist on type 'Order'.
src/app/dashboard/orders/[id]/page.tsx(146,33): error TS2339: Property 'tax' does not exist on type 'Order'.
src/app/dashboard/orders/[id]/page.tsx(168,51): error TS2551: Property 'shippingAddress' does not exist on type 'Order'. Did you mean 'shippingAddr'?
src/app/dashboard/orders/[id]/page.tsx(170,24): error TS2551: Property 'shippingAddress' does not exist on type 'Order'. Did you mean 'shippingAddr'?
src/app/dashboard/orders/[id]/page.tsx(171,24): error TS2551: Property 'shippingAddress' does not exist on type 'Order'. Did you mean 'shippingAddr'?
src/app/dashboard/orders/[id]/page.tsx(171,55): error TS2551: Property 'shippingAddress' does not exist on type 'Order'. Did you mean 'shippingAddr'?
src/app/dashboard/orders/[id]/page.tsx(171,86): error TS2551: Property 'shippingAddress' does not exist on type 'Order'. Did you mean 'shippingAddr'?
src/app/dashboard/orders/[id]/page.tsx(172,24): error TS2551: Property 'shippingAddress' does not exist on type 'Order'. Did you mean 'shippingAddr'?
src/app/design-studio/_components/design-form.tsx(52,31): error TS2769: No overload matches this call.
  Overload 1 of 2, '(action: (state: { message: string; imageUrl: null; prompt: FormDataEntryValue | null; productType: FormDataEntryValue | null; errors?: undefined; } | { ...; } | { ...; }) => { ...; } | ... 2 more ... | Promise<...>, initialState: { ...; } | ... 1 more ... | { ...; }, permalink?: string | undefined): [state: ...]', gave the following error.
    Argument of type '(prevState: any, formData: FormData) => Promise<{ message: string; imageUrl: null; prompt: FormDataEntryValue | null; productType: FormDataEntryValue | null; errors?: undefined; } | { ...; } | { ...; }>' is not assignable to parameter of type '(state: { message: string; imageUrl: null; prompt: FormDataEntryValue | null; productType: FormDataEntryValue | null; errors?: undefined; } | { ...; } | { ...; }) => { ...; } | ... 2 more ... | Promise<...>'.
      Target signature provides too few arguments. Expected 2 or more, but got 1.
  Overload 2 of 2, '(action: (state: { message: string; imageUrl: null; prompt: FormDataEntryValue | null; productType: FormDataEntryValue | null; errors?: undefined; } | { ...; } | { ...; }, payload: FormData) => { ...; } | ... 2 more ... | Promise<...>, initialState: { ...; } | ... 1 more ... | { ...; }, permalink?: string | undefined): [state: ...]', gave the following error.
    Argument of type '{ message: string; errors: null; imageUrl: null; prompt: string; productType: string; }' is not assignable to parameter of type '{ message: string; imageUrl: null; prompt: FormDataEntryValue | null; productType: FormDataEntryValue | null; errors?: undefined; } | { message: string; errors: { ...; }; imageUrl: null; prompt: FormDataEntryValue | null; productType: FormDataEntryValue | null; } | { ...; }'.
      Type '{ message: string; errors: null; imageUrl: null; prompt: string; productType: string; }' is not assignable to type '{ message: string; imageUrl: null; prompt: FormDataEntryValue | null; productType: FormDataEntryValue | null; errors?: undefined; } | { message: string; errors: { ...; }; imageUrl: null; prompt: FormDataEntryValue | null; productType: FormDataEntryValue | null; }'.
        Type '{ message: string; errors: null; imageUrl: null; prompt: string; productType: string; }' is not assignable to type '{ message: string; errors: { prompt?: string[] | undefined; productType?: string[] | undefined; }; imageUrl: null; prompt: FormDataEntryValue | null; productType: FormDataEntryValue | null; }'.
          Types of property 'errors' are incompatible.
            Type 'null' is not assignable to type '{ prompt?: string[] | undefined; productType?: string[] | undefined; }'.
src/app/design-studio/_components/design-form.tsx(105,42): error TS2322: Type 'FormDataEntryValue | null' is not assignable to type 'string | undefined'.
  Type 'null' is not assignable to type 'string | undefined'.
src/app/design-studio/_components/design-form.tsx(124,17): error TS2322: Type 'FormDataEntryValue | null' is not assignable to type 'string | number | readonly string[] | undefined'.
  Type 'null' is not assignable to type 'string | number | readonly string[] | undefined'.
src/app/orders/[id]/page.tsx(156,18): error TS2552: Cannot find name 'Clock'. Did you mean 'Lock'?
src/app/products/[id]/_components/add-to-cart-form.tsx(36,8): error TS2554: Expected 1 arguments, but got 2.
src/components/auth/phone-auth-form.tsx(72,60): error TS2341: Property 'widgetId' is private and only accessible within class 'RecaptchaVerifier'.
src/components/barcode/barcode-generator.tsx(4,20): error TS2307: Cannot find module 'bwip-js' or its corresponding type declarations.
src/components/canvas/Needle.tsx(11,18): error TS2554: Expected 1 arguments, but got 0.
src/components/canvas/StitchThread.tsx(11,19): error TS2554: Expected 1 arguments, but got 0.
src/components/landing/trending-carousel.tsx(96,32): error TS2739: Type 'Product' is missing the following properties from type 'Product': createdAt, updatedAt
src/components/store/catalog-view.tsx(93,47): error TS2367: This comparison appears to be unintentional because the types '"Gen Z" | "Luxury" | "Professional"' and 'StoreVibe' have no overlap.
src/components/ui/calendar.tsx(57,9): error TS2353: Object literal may only specify known properties, and 'IconLeft' does not exist in type 'Partial<CustomComponents>'.
